---
source: src/app/program.rs
expression: handle.snapshot()
---
size: 40x10
cursor: hidden
text:
|  File  Window                          |
|░░░░░░░░░░░░░░░░░░░░░░░░░░░░░░░░░░░░░░░░|
|░░░░░░░░░░░░░░░░░░░░░░░░░░░░░░░░░░░░░░░░|
|░░░░░░░░░░░░░░░░░░░░░░░░░░░░░░░░░░░░░░░░|
|░░░░░░░░░░░░░░░░░░░░░░░░░░░░░░░░░░░░░░░░|
|░░░░░░░░░░░░░░░░░░░░░░░░░░░░░░░░░░░░░░░░|
|░░░░░░░░░░░░░░░░░░░░░░░░░░░░░░░░░░░░░░░░|
|░░░░░░░░░░░░░░░░░░░░░░░░░░░░░░░░░░░░░░░░|
|░░░░░░░░░░░░░░░░░░░░░░░░░░░░░░░░░░░░░░░░|
| Alt-X Exit  F10 Menu                   |
attr:
|aabaaaaabaaaaaaaaaaaaaaaaaaaaaaaaaaaaaaa|
|cccccccccccccccccccccccccccccccccccccccc|
|cccccccccccccccccccccccccccccccccccccccc|
|cccccccccccccccccccccccccccccccccccccccc|
|cccccccccccccccccccccccccccccccccccccccc|
|cccccccccccccccccccccccccccccccccccccccc|
|cccccccccccccccccccccccccccccccccccccccc|
|cccccccccccccccccccccccccccccccccccccccc|
|cccccccccccccccccccccccccccccccccccccccc|
|abbbbbaaaaaaabbbaaaaaaaaaaaaaaaaaaaaaaaa|
legend:
  . default
  a fg=RGB(0,0,0) bg=RGB(170,170,170)
  b fg=RGB(170,0,0) bg=RGB(170,170,170)
  c fg=RGB(170,170,170) bg=RGB(0,0,170)
