---
source: src/widgets/splitter/mod.rs
expression: "render(&mut outer, 20, 7)"
---
size: 20x7
cursor: hidden
text:
|TTTTTT│LLLLLLLLLLLLL|
|TTTTTT│LLLLLLLLLLLLL|
|TTTTTT│LLLLLLLLLLLLL|
|TTTTTT├─────────────|
|TTTTTT│FFFFFFFFFFFFF|
|TTTTTT│FFFFFFFFFFFFF|
|TTTTTT│FFFFFFFFFFFFF|
attr:
|aaaaaabaaaaaaaaaaaaa|
|aaaaaabaaaaaaaaaaaaa|
|aaaaaabaaaaaaaaaaaaa|
|aaaaaabbbbbbbbbbbbbb|
|aaaaaabaaaaaaaaaaaaa|
|aaaaaabaaaaaaaaaaaaa|
|aaaaaabaaaaaaaaaaaaa|
legend:
  . default
  a fg=RGB(0,0,0) bg=RGB(0,170,170)
  b fg=RGB(170,170,170) bg=RGB(0,0,170)
