---
source: src/status/status_line.rs
expression: "render(&mut line, 40, 1)"
---
size: 40x1
cursor: hidden
text:
| F1 Help  Alt-X Exit                    |
attr:
|abbaaaaaaccccccccccccaaaaaaaaaaaaaaaaaaa|
legend:
  . default
  a fg=RGB(0,0,0) bg=RGB(170,170,170)
  b fg=RGB(170,0,0) bg=RGB(170,170,170)
  c fg=RGB(85,85,85) bg=RGB(0,170,0)
