---
source: src/status/status_line.rs
expression: "render(&mut line, 40, 1)"
---
size: 40x1
cursor: hidden
text:
| F1 Help │ Press F1 for help            |
attr:
|abbaaaaaaaaaaaaaaaaaaaaaaaaaaaaaaaaaaaaa|
legend:
  . default
  a fg=RGB(0,0,0) bg=RGB(170,170,170)
  b fg=RGB(170,0,0) bg=RGB(170,170,170)
