---
source: src/menu/menu_box.rs
expression: "render(&mut b, size.x as u16, size.y as u16)"
---
size: 14x6
cursor: hidden
text:
| ┌──────────┐ |
| │ Open  F3 │ |
| │ Save     │ |
| ├──────────┤ |
| │ More   ► │ |
| └──────────┘ |
attr:
|aaaaaaaaaaaaaa|
|aaabaaaaaaaaaa|
|aaccccccccccaa|
|aaaaaaaaaaaaaa|
|aadeddddddddaa|
|aaaaaaaaaaaaaa|
legend:
  . default
  a fg=RGB(0,0,0) bg=RGB(170,170,170)
  b fg=RGB(170,0,0) bg=RGB(170,170,170)
  c fg=RGB(85,85,85) bg=RGB(170,170,170)
  d fg=RGB(0,0,0) bg=RGB(0,170,0)
  e fg=RGB(170,0,0) bg=RGB(0,170,0)
