---
source: src/menu/menu_bar.rs
expression: "render(&mut bar, 24, 1)"
---
size: 24x1
cursor: hidden
text:
|  File  Edit  Window    |
attr:
|aabaaaacdcccceeeeeeeeaaa|
legend:
  . default
  a fg=RGB(0,0,0) bg=RGB(170,170,170)
  b fg=RGB(170,0,0) bg=RGB(170,170,170)
  c fg=RGB(0,0,0) bg=RGB(0,170,0)
  d fg=RGB(170,0,0) bg=RGB(0,170,0)
  e fg=RGB(85,85,85) bg=RGB(170,170,170)
