---
source: src/desktop/desktop.rs
expression: screen.snapshot()
---
size: 16x7
cursor: hidden
text:
|░░░░░░░░░░░░░░░░|
|░┌─1  ───┐░░░░░░|
|░│       │░░░░░░|
|░└───────┘░░░░░░|
|░░░░░░░░░░░░░░░░|
|░░░░░░░░░░░░░░░░|
|░░░░░░░░░░░░░░░░|
attr:
|aaaaaaaaaaaaaaaa|
|aaaaaaaaaaaaaaaa|
|aaaaaaaaaabbaaaa|
|aaaaaaaaaabbaaaa|
|aaabbbbbbbbbaaaa|
|aaaaaaaaaaaaaaaa|
|aaaaaaaaaaaaaaaa|
legend:
  . default
  a fg=RGB(170,170,170) bg=RGB(0,0,170)
  b fg=RGB(85,85,85) bg=RGB(0,0,0) +no_shadow
