---
source: src/dialog/filedlg.rs
expression: "render_fl(&mut fl, 30, 6)"
---
size: 30x6
cursor: hidden
text:
| lib.rs        │              |
| main.rs       │              |
| readme.txt    │              |
| src/          │              |
| tests/        │              |
| ../           │              |
attr:
|aaaaaaaaaaaaaaabcccccccccccccc|
|cccccccccccccccbcccccccccccccc|
|cccccccccccccccbcccccccccccccc|
|cccccccccccccccbcccccccccccccc|
|cccccccccccccccbcccccccccccccc|
|cccccccccccccccbcccccccccccccc|
legend:
  . default
  a fg=BIOS(15) bg=BIOS(2)
  b fg=BIOS(1) bg=BIOS(3)
  c fg=BIOS(0) bg=BIOS(3)
