---
source: src/dialog/dialog.rs
expression: screen.snapshot()
---
size: 24x8
cursor: hidden
text:
|╔═[■]═══ Setup ════════╗|
|║                      ║|
|║                      ║|
|║                      ║|
|║                      ║|
|║                      ║|
|║                      ║|
|╚══════════════════════╝|
attr:
|aaabaaaaaaaaaaaaaaaaaaaa|
|aaaaaaaaaaaaaaaaaaaaaaaa|
|aaaaaaaaaaaaaaaaaaaaaaaa|
|aaaaaaaaaaaaaaaaaaaaaaaa|
|aaaaaaaaaaaaaaaaaaaaaaaa|
|aaaaaaaaaaaaaaaaaaaaaaaa|
|aaaaaaaaaaaaaaaaaaaaaaaa|
|aaaaaaaaaaaaaaaaaaaaaaaa|
legend:
  . default
  a fg=RGB(255,255,255) bg=RGB(170,170,170)
  b fg=RGB(85,255,85) bg=RGB(170,170,170)
