---
source: src/dialog/msgbox.rs
expression: "render_dialog(&mut d, 60, 8)"
---
size: 60x8
cursor: hidden
text:
|┌───────────────────────── Title ──────────────────────────┐|
|│                                                          │|
|│  Name                                                    │|
|│                                                          │|
|│                                       OK   ▄    Cancel ▄ │|
|│                                     ▀▀▀▀▀▀▀▀    ▀▀▀▀▀▀▀▀ │|
|│                                                          │|
|└──────────────────────────────────────────────────────────┘|
attr:
|aaaaaaaaaaaaaaaaaaaaaaaaaaaaaaaaaaaaaaaaaaaaaaaaaaaaaaaaaaaa|
|aaaaaaaaaaaaaaaaaaaaaaaaaaaaaaaaaaaaaaaaaaaaaaaaaaaaaaaaaaaa|
|aaaaaaaabbbbbbbbbbbbbbbbbbbbbbbbbbbbbbbbbbbbbbbbbbbbbbbbbaaa|
|aaaaaaaaaaaaaaaaaaaaaaaaaaaaaaaaaaaaaaaaaaaaaaaaaaaaaaaaaaaa|
|aaaaaaaaaaaaaaaaaaaaaaaaaaaaaaaaaaaaaccccdcccaaaacdccccccaaa|
|aaaaaaaaaaaaaaaaaaaaaaaaaaaaaaaaaaaaaaaaaaaaaaaaaaaaaaaaaaaa|
|aaaaaaaaaaaaaaaaaaaaaaaaaaaaaaaaaaaaaaaaaaaaaaaaaaaaaaaaaaaa|
|aaaaaaaaaaaaaaaaaaaaaaaaaaaaaaaaaaaaaaaaaaaaaaaaaaaaaaaaaaaa|
legend:
  . default
  a fg=RGB(0,0,0) bg=RGB(170,170,170)
  b fg=RGB(255,255,255) bg=RGB(0,0,170)
  c fg=RGB(0,0,0) bg=RGB(0,170,0)
  d fg=RGB(255,255,85) bg=RGB(0,170,0)
