---
source: src/widgets/editor.rs
expression: screen.snapshot()
---
size: 38x12
cursor: hidden
text:
|┌─────────────── Find ───────────────┐|
|│                                    │|
|│  Text to find                      │|
|│   hello                       ▐↓▌  │|
|│                                    │|
|│   [X] Case sensitive               │|
|│   [ ] Whole words only             │|
|│                                    │|
|│                                    │|
|│                 OK   ▄    Cancel ▄ │|
|│               ▀▀▀▀▀▀▀▀    ▀▀▀▀▀▀▀▀ │|
|└────────────────────────────────────┘|
attr:
|aaaaaaaaaaaaaaaaaaaaaaaaaaaaaaaaaaaaaa|
|aaaaaaaaaaaaaaaaaaaaaaaaaaaaaaaaaaaaaa|
|aaabaaaaaaaaaaaaaaaaaaaaaaaaaaaaaaaaaa|
|aaacccccccccccccccccccccccccccccdedaaa|
|aaaaaaaaaaaaaaaaaaaaaaaaaaaaaaaaaaaaaa|
|aaafffffgffffffffffffffffffffffffffaaa|
|aaafffffgffffffffffffffffffffffffffaaa|
|aaaaaaaaaaaaaaaaaaaaaaaaaaaaaaaaaaaaaa|
|aaaaaaaaaaaaaaaaaaaaaaaaaaaaaaaaaaaaaa|
|aaaaaaaaaaaaaaaeeeeheeeaaaaeeeeeeeeaaa|
|aaaaaaaaaaaaaaaaaaaaaaaaaaaaaaaaaaaaaa|
|aaaaaaaaaaaaaaaaaaaaaaaaaaaaaaaaaaaaaa|
legend:
  . default
  a fg=RGB(0,0,0) bg=RGB(170,170,170)
  b fg=RGB(255,255,85) bg=RGB(170,170,170)
  c fg=RGB(255,255,255) bg=RGB(0,0,170)
  d fg=RGB(0,170,0) bg=RGB(170,170,170)
  e fg=RGB(0,0,0) bg=RGB(0,170,0)
  f fg=RGB(0,0,0) bg=RGB(0,170,170)
  g fg=RGB(255,255,85) bg=RGB(0,170,170)
  h fg=RGB(255,255,85) bg=RGB(0,170,0)
