---
source: src/widgets/terminal.rs
expression: "render_terminal(&mut t, 20, 5)"
---
size: 20x5
cursor: hidden
text:
|second              |
|third               |
|fourth              |
|fifth               |
|                    |
attr:
|aaaaaaaaaaaaaaaaaaaa|
|aaaaaaaaaaaaaaaaaaaa|
|aaaaaaaaaaaaaaaaaaaa|
|aaaaaaaaaaaaaaaaaaaa|
|aaaaaaaaaaaaaaaaaaaa|
legend:
  . default
  a fg=RGB(255,255,85) bg=RGB(0,0,170)
