---
source: src/widgets/list_viewer.rs
expression: "render(&mut l, 12, 4)"
---
size: 12x4
cursor: hidden
text:
| item0      |
| item1      |
| item2      |
|            |
attr:
|aaaaaaaaaaaa|
|bbbbbbbbbbbb|
|cccccccccccc|
|aaaaaaaaaaaa|
legend:
  . default
  a fg=RGB(0,0,0) bg=RGB(0,170,170)
  b fg=RGB(255,255,255) bg=RGB(0,170,0)
  c fg=RGB(255,255,85) bg=RGB(0,170,170)
