---
source: src/widgets/cluster.rs
expression: "snapshot_cluster(&mut c, 14, 3)"
---
size: 14x3
cursor: hidden
text:
| [X] Red      |
| [O] Green    |
| [ ] Blue     |
attr:
|aaaaaaaaaaaaaa|
|bbbbbbbbbbbbbb|
|bbbbbbbbbbbbbb|
legend:
  . default
  a fg=RGB(255,255,255) bg=RGB(0,170,170)
  b fg=RGB(0,0,0) bg=RGB(0,170,170)
