---
source: src/widgets/editor.rs
expression: screen.snapshot()
---
size: 30x8
cursor: hidden
text:
|┌───────── Untitled ───1─────┐|
|│                            │|
|│                            │|
|│                            │|
|│                            │|
|│                            │|
|│                            │|
|└────────────────────────────┘|
attr:
|aaaaaaaaaaaaaaaaaaaaaaaaaaaaaa|
|abbbbbbbbbbbbbbbbbbbbbbbbbbbba|
|abbbbbbbbbbbbbbbbbbbbbbbbbbbba|
|abbbbbbbbbbbbbbbbbbbbbbbbbbbba|
|abbbbbbbbbbbbbbbbbbbbbbbbbbbba|
|abbbbbbbbbbbbbbbbbbbbbbbbbbbba|
|abbbbbbbbbbbbbbbbbbbbbbbbbbbba|
|aaaaaaaaaaaaaaaaaaaaaaaaaaaaaa|
legend:
  . default
  a fg=RGB(170,170,170) bg=RGB(0,0,170)
  b fg=RGB(255,255,85) bg=RGB(0,0,170)
