---
source: src/widgets/list_viewer.rs
expression: "render(&mut l, 16, 3)"
---
size: 16x3
cursor: hidden
text:
| item0  │ item3 |
| item1  │ item4 |
| item2  │ item5 |
attr:
|aaaaaaaabccccccc|
|ccccccccbccccccc|
|ccccccccbccccccc|
legend:
  . default
  a fg=BIOS(15) bg=BIOS(2)
  b fg=BIOS(1) bg=BIOS(3)
  c fg=BIOS(0) bg=BIOS(3)
