---
source: src/widgets/list_box.rs
expression: "render(&mut lb, 14, 5)"
---
size: 14x5
cursor: hidden
text:
| apple        |
| banana       |
| cherry       |
| date         |
|              |
attr:
|aaaaaaaaaaaaaa|
|bbbbbbbbbbbbbb|
|aaaaaaaaaaaaaa|
|aaaaaaaaaaaaaa|
|aaaaaaaaaaaaaa|
legend:
  . default
  a fg=RGB(0,0,0) bg=RGB(0,170,170)
  b fg=RGB(255,255,255) bg=RGB(0,170,0)
