---
source: src/widgets/outline.rs
expression: "render_outline(&mut outline, 20, 5)"
---
size: 20x5
cursor: hidden
text:
|└──Animals          |
|   ├──Cats          |
|   └──Dogs          |
|                    |
|                    |
attr:
|aaaaaaaaaaaaaaaaaaaa|
|bbbbbbbbbbbbbbbbbbbb|
|bbbbbbbbbbbbbbbbbbbb|
|bbbbbbbbbbbbbbbbbbbb|
|bbbbbbbbbbbbbbbbbbbb|
legend:
  . default
  a fg=RGB(0,0,170) bg=RGB(170,170,170)
  b fg=RGB(255,255,85) bg=RGB(0,0,170)
