---
source: src/widgets/terminal.rs
expression: "render_terminal(&mut t, 20, 5)"
---
size: 20x5
cursor: hidden
text:
|                    |
|                    |
|                    |
|                    |
|                    |
attr:
|aaaaaaaaaaaaaaaaaaaa|
|aaaaaaaaaaaaaaaaaaaa|
|aaaaaaaaaaaaaaaaaaaa|
|aaaaaaaaaaaaaaaaaaaa|
|aaaaaaaaaaaaaaaaaaaa|
legend:
  . default
  a fg=BIOS(14) bg=BIOS(1)
