---
source: src/widgets/list_box.rs
expression: "render(&mut lb, 14, 5)"
---
size: 14x5
cursor: hidden
text:
| apple        |
| banana       |
| cherry       |
| date         |
|              |
attr:
|aaaaaaaaaaaaaa|
|bbbbbbbbbbbbbb|
|aaaaaaaaaaaaaa|
|aaaaaaaaaaaaaa|
|aaaaaaaaaaaaaa|
legend:
  . default
  a fg=BIOS(0) bg=BIOS(3)
  b fg=BIOS(15) bg=BIOS(2)
