---
source: src/widgets/outline.rs
expression: "render_outline(&mut outline, 20, 5)"
---
size: 20x5
cursor: hidden
text:
|└─+Animals          |
|                    |
|                    |
|                    |
|                    |
attr:
|aaaaaaaaaaaaaaaaaaaa|
|bbbbbbbbbbbbbbbbbbbb|
|bbbbbbbbbbbbbbbbbbbb|
|bbbbbbbbbbbbbbbbbbbb|
|bbbbbbbbbbbbbbbbbbbb|
legend:
  . default
  a fg=BIOS(1) bg=BIOS(7)
  b fg=BIOS(14) bg=BIOS(1)
