---
source: src/frame.rs
expression: screen.snapshot()
---
size: 20x6
cursor: hidden
text:
|┌────── Edit ──────┐|
|│                  │|
|│                  │|
|│                  │|
|│                  │|
|└──────────────────┘|
attr:
|aaaaaaaaaaaaaaaaaaaa|
|aaaaaaaaaaaaaaaaaaaa|
|aaaaaaaaaaaaaaaaaaaa|
|aaaaaaaaaaaaaaaaaaaa|
|aaaaaaaaaaaaaaaaaaaa|
|aaaaaaaaaaaaaaaaaaaa|
legend:
  . default
  a fg=RGB(170,170,170) bg=RGB(0,0,170)
